// Jest Snapshot v1, https://goo.gl/fbAQLP

exports[`bugs should deploy contract correctly 1`] = `
[
  {
    "$seq": 0,
    "events": [
      {
        "$type": "deploy",
      },
      {
        "$type": "received",
        "message": {
          "body": {
            "cell": "x{178D45190000000000000000502540BE40080067A0C9422FEAA95766054EE8C24935EF3D8D217854DDCB8C4940928FA1377D350016E3A425A4E75B646191AC9A34FE5D050BD101A5C490F87D01C66D885D09BC1082_}",
            "type": "cell",
          },
          "bounce": false,
          "from": "kQAz0GShF_VUq7MCp3RhJJr3nsaQvCpu5cYkoElH0Ju-mtNm",
          "to": "kQD-LEj7x4DhUxLbRD3zM_3U3oAL3CfkEtX7JN95gSXfcBRl",
          "type": "internal",
          "value": "9.95803",
        },
      },
      {
        "$type": "processed",
        "gasUsed": 16224n,
      },
      {
        "$type": "sent",
        "messages": [
          {
            "body": {
              "type": "known",
              "value": {
                "$$type": "TokenExcesses",
                "queryId": 0n,
              },
            },
            "bounce": false,
            "from": "kQD-LEj7x4DhUxLbRD3zM_3U3oAL3CfkEtX7JN95gSXfcBRl",
            "to": "@treasure(treasure)",
            "type": "internal",
            "value": "9.913212819",
          },
        ],
      },
    ],
  },
]
`;
