// Jest Snapshot v1, https://goo.gl/fbAQLP

exports[`map-comparison should implement map comparison correctly 1`] = `
[
  {
    "$seq": 0,
    "events": [
      {
        "$type": "deploy",
      },
      {
        "$type": "received",
        "message": {
          "body": {
            "cell": "x{602DB8CDE_}
 x{CFF}
  x{500000000000000000000000000000000000000000000000000000000000000014_}
  x{500000000000000000000000000000000000000000000000000000000000000024_}
 x{CFF}
  x{500000000000000000000000000000000000000000000000000000000000000014_}
  x{500000000000000000000000000000000000000000000000000000000000000024_}",
            "type": "cell",
          },
          "bounce": true,
          "from": "@treasure(treasure)",
          "to": "kQB_fk7kQdo5QXLBsDT5CiTCeaSICOBKsOIkviCSYGKxbfgw",
          "type": "internal",
          "value": "10",
        },
      },
      {
        "$type": "failed",
        "errorCode": 9,
        "errorMessage": "Cell underflow",
      },
      {
        "$type": "sent-bounced",
        "message": {
          "body": {
            "cell": "x{FFFFFFFF602DB8CDE_}",
            "type": "cell",
          },
          "bounce": false,
          "from": "kQB_fk7kQdo5QXLBsDT5CiTCeaSICOBKsOIkviCSYGKxbfgw",
          "to": "@treasure(treasure)",
          "type": "internal",
          "value": "9.996081",
        },
      },
    ],
  },
]
`;
